// Jest Snapshot v1, https://goo.gl/fbAQLP

exports[`Home Rendering should match to snapshot 1`] = `ShallowWrapper {}`;
