// Jest Snapshot v1, https://goo.gl/fbAQLP

exports[`Notation Rendering should match to snapshot 1`] = `ShallowWrapper {}`;
