// Jest Snapshot v1, https://goo.gl/fbAQLP

exports[`PopUpForm Rendering should match to snapshot 1`] = `ShallowWrapper {}`;
