// Jest Snapshot v1, https://goo.gl/fbAQLP

exports[`Socket Rendering should match to snapshot 1`] = `ShallowWrapper {}`;
